Copyright 1986-2022 Xilinx, Inc. All Rights Reserved. Copyright 2022-2024 Advanced Micro Devices, Inc. All Rights Reserved.
------------------------------------------------------------------------------------------------------------------------------------------------
| Tool Version : Vivado v.2024.1 (lin64) Build 5076996 Wed May 22 18:36:09 MDT 2024
| Date         : Tue Sep  1 20:55:55 2026
| Host         : ved-vyas-ASUS-Vivobook-S-14-M5406WA-M5406WA running 64-bit Ubuntu 24.04.4 LTS
| Command      : report_timing_summary -file /home/ved-vyas/Documents/ece427/free-rtos-regression/fpga/pynq/bit/baremetal_linux-BRAM/timing.rpt
| Design       : amoeba_wrapper
| Device       : 7z020-clg400
| Speed File   : -1  PRODUCTION 1.12 2019-11-22
| Design State : Routed
------------------------------------------------------------------------------------------------------------------------------------------------

Timing Summary Report

------------------------------------------------------------------------------------------------
| Timer Settings
| --------------
------------------------------------------------------------------------------------------------

  Enable Multi Corner Analysis               :  Yes
  Enable Pessimism Removal                   :  Yes
  Pessimism Removal Resolution               :  Nearest Common Node
  Enable Input Delay Default Clock           :  No
  Enable Preset / Clear Arcs                 :  No
  Disable Flight Delays                      :  No
  Ignore I/O Paths                           :  No
  Timing Early Launch at Borrowing Latches   :  No
  Borrow Time for Max Delay Exceptions       :  Yes
  Merge Timing Exceptions                    :  Yes
  Inter-SLR Compensation                     :  Conservative

  Corner  Analyze    Analyze    
  Name    Max Paths  Min Paths  
  ------  ---------  ---------  
  Slow    Yes        Yes        
  Fast    Yes        Yes        


------------------------------------------------------------------------------------------------
| Report Methodology
| ------------------
------------------------------------------------------------------------------------------------

Rule     Severity  Description                   Violations  
-------  --------  ----------------------------  ----------  
LUTAR-1  Warning   LUT drives async reset alert  2           

Note: This report is based on the most recent report_methodology run and may not be up-to-date. Run report_methodology on the current design for the latest report.



check_timing report

Table of Contents
-----------------
1. checking no_clock (0)
2. checking constant_clock (0)
3. checking pulse_width_clock (0)
4. checking unconstrained_internal_endpoints (0)
5. checking no_input_delay (0)
6. checking no_output_delay (0)
7. checking multiple_clock (0)
8. checking generated_clocks (0)
9. checking loops (0)
10. checking partial_input_delay (0)
11. checking partial_output_delay (0)
12. checking latch_loops (0)

1. checking no_clock (0)
------------------------
 There are 0 register/latch pins with no clock.


2. checking constant_clock (0)
------------------------------
 There are 0 register/latch pins with constant_clock.


3. checking pulse_width_clock (0)
---------------------------------
 There are 0 register/latch pins which need pulse_width check


4. checking unconstrained_internal_endpoints (0)
------------------------------------------------
 There are 0 pins that are not constrained for maximum delay.

 There are 0 pins that are not constrained for maximum delay due to constant clock.


5. checking no_input_delay (0)
------------------------------
 There are 0 input ports with no input delay specified.

 There are 0 input ports with no input delay but user has a false path constraint.


6. checking no_output_delay (0)
-------------------------------
 There are 0 ports with no output delay specified.

 There are 0 ports with no output delay but user has a false path constraint

 There are 0 ports with no output delay but with a timing clock defined on it or propagating through it


7. checking multiple_clock (0)
------------------------------
 There are 0 register/latch pins with multiple clocks.


8. checking generated_clocks (0)
--------------------------------
 There are 0 generated clocks that are not connected to a clock source.


9. checking loops (0)
---------------------
 There are 0 combinational loops in the design.


10. checking partial_input_delay (0)
------------------------------------
 There are 0 input ports with partial input delay specified.


11. checking partial_output_delay (0)
-------------------------------------
 There are 0 ports with partial output delay specified.


12. checking latch_loops (0)
----------------------------
 There are 0 combinational latch loops in the design through latch input



------------------------------------------------------------------------------------------------
| Design Timing Summary
| ---------------------
------------------------------------------------------------------------------------------------

    WNS(ns)      TNS(ns)  TNS Failing Endpoints  TNS Total Endpoints      WHS(ns)      THS(ns)  THS Failing Endpoints  THS Total Endpoints     WPWS(ns)     TPWS(ns)  TPWS Failing Endpoints  TPWS Total Endpoints  
    -------      -------  ---------------------  -------------------      -------      -------  ---------------------  -------------------     --------     --------  ----------------------  --------------------  
      0.859        0.000                      0                42076        0.041        0.000                      0                42076       18.750        0.000                       0                 13364  


All user specified timing constraints are met.


------------------------------------------------------------------------------------------------
| Clock Summary
| -------------
------------------------------------------------------------------------------------------------

Clock       Waveform(ns)       Period(ns)      Frequency(MHz)
-----       ------------       ----------      --------------
clk_fpga_0  {0.000 20.000}     40.000          25.000          


------------------------------------------------------------------------------------------------
| Intra Clock Table
| -----------------
------------------------------------------------------------------------------------------------

Clock             WNS(ns)      TNS(ns)  TNS Failing Endpoints  TNS Total Endpoints      WHS(ns)      THS(ns)  THS Failing Endpoints  THS Total Endpoints     WPWS(ns)     TPWS(ns)  TPWS Failing Endpoints  TPWS Total Endpoints  
-----             -------      -------  ---------------------  -------------------      -------      -------  ---------------------  -------------------     --------     --------  ----------------------  --------------------  
clk_fpga_0          0.859        0.000                      0                41837        0.041        0.000                      0                41837       18.750        0.000                       0                 13364  


------------------------------------------------------------------------------------------------
| Inter Clock Table
| -----------------
------------------------------------------------------------------------------------------------

From Clock    To Clock          WNS(ns)      TNS(ns)  TNS Failing Endpoints  TNS Total Endpoints      WHS(ns)      THS(ns)  THS Failing Endpoints  THS Total Endpoints  
----------    --------          -------      -------  ---------------------  -------------------      -------      -------  ---------------------  -------------------  


------------------------------------------------------------------------------------------------
| Other Path Groups Table
| -----------------------
------------------------------------------------------------------------------------------------

Path Group         From Clock         To Clock               WNS(ns)      TNS(ns)  TNS Failing Endpoints  TNS Total Endpoints      WHS(ns)      THS(ns)  THS Failing Endpoints  THS Total Endpoints  
----------         ----------         --------               -------      -------  ---------------------  -------------------      -------      -------  ---------------------  -------------------  
**async_default**  clk_fpga_0         clk_fpga_0              30.293        0.000                      0                  239        0.459        0.000                      0                  239  


------------------------------------------------------------------------------------------------
| Timing Details
| --------------
------------------------------------------------------------------------------------------------


---------------------------------------------------------------------------------------------------
From Clock:  clk_fpga_0
  To Clock:  clk_fpga_0

Setup :            0  Failing Endpoints,  Worst Slack        0.859ns,  Total Violation        0.000ns
Hold  :            0  Failing Endpoints,  Worst Slack        0.041ns,  Total Violation        0.000ns
PW    :            0  Failing Endpoints,  Worst Slack       18.750ns,  Total Violation        0.000ns
---------------------------------------------------------------------------------------------------


Max Delay Paths
--------------------------------------------------------------------------------------
Slack (MET) :             0.859ns  (required time - arrival time)
  Source:                 amoeba_i/dut/inst/u_top/dut/soc/core/lsu/hptw.hptw/WalkerStateReg/q_reg[3]/C
                            (rising edge-triggered cell FDRE clocked by clk_fpga_0  {rise@0.000ns fall@20.000ns period=40.000ns})
  Destination:            amoeba_i/dut/inst/u_top/dut/soc/core/lsu/bus.dcache.dcache/CacheWays[3]/word[1].wordram.CacheDataMem/ram.RAM_reg_1/DIBDI[31]
                            (rising edge-triggered cell RAMB36E1 clocked by clk_fpga_0  {rise@0.000ns fall@20.000ns period=40.000ns})
  Path Group:             clk_fpga_0
  Path Type:              Setup (Max at Slow Process Corner)
  Requirement:            40.000ns  (clk_fpga_0 rise@40.000ns - clk_fpga_0 rise@0.000ns)
  Data Path Delay:        37.990ns  (logic 8.451ns (22.246%)  route 29.539ns (77.754%))
  Logic Levels:           41  (CARRY4=8 LUT2=4 LUT4=7 LUT5=1 LUT6=20 MUXF7=1)
  Clock Path Skew:        -0.106ns (DCD - SCD + CPR)
    Destination Clock Delay (DCD):    2.787ns = ( 42.787 - 40.000 ) 
    Source Clock Delay      (SCD):    3.022ns
    Clock Pessimism Removal (CPR):    0.129ns
  Clock Uncertainty:      0.601ns  ((TSJ^2 + TIJ^2)^1/2 + DJ) / 2 + PE
    Total System Jitter     (TSJ):    0.071ns
    Total Input Jitter      (TIJ):    1.200ns
    Discrete Jitter          (DJ):    0.000ns
    Phase Error              (PE):    0.000ns

    Location             Delay type                Incr(ns)  Path(ns)    Netlist Resource(s)
  -------------------------------------------------------------------    -------------------
                         (clock clk_fpga_0 rise edge)
                                                      0.000     0.000 r  
    PS7_X0Y0             PS7                          0.000     0.000 r  amoeba_i/ps7/inst/PS7_i/FCLKCLK[0]
                         net (fo=1, routed)           1.193     1.193    amoeba_i/ps7/inst/FCLK_CLK_unbuffered[0]
    BUFGCTRL_X0Y16       BUFG (Prop_bufg_I_O)         0.101     1.294 r  amoeba_i/ps7/inst/buffer_fclk_clk_0.FCLK_CLK_0_BUFG/O
                         net (fo=13365, routed)       1.728     3.022    amoeba_i/dut/inst/u_top/dut/soc/core/lsu/hptw.hptw/WalkerStateReg/aclk
    SLICE_X68Y36         FDRE                                         r  amoeba_i/dut/inst/u_top/dut/soc/core/lsu/hptw.hptw/WalkerStateReg/q_reg[3]/C
  -------------------------------------------------------------------    -------------------
    SLICE_X68Y36         FDRE (Prop_fdre_C_Q)         0.456     3.478 r  amoeba_i/dut/inst/u_top/dut/soc/core/lsu/hptw.hptw/WalkerStateReg/q_reg[3]/Q
                         net (fo=103, routed)         1.220     4.698    amoeba_i/dut/inst/u_top/dut/soc/core/priv.priv/csr/csrs.csrs/SATPreg/WalkerState[2]
    SLICE_X66Y38         LUT6 (Prop_lut6_I0_O)        0.124     4.822 r  amoeba_i/dut/inst/u_top/dut/soc/core/priv.priv/csr/csrs.csrs/SATPreg/q[26]_i_4/O
                         net (fo=1, routed)           0.797     5.619    amoeba_i/dut/inst/u_top/dut/soc/core/lsu/hptw.hptw/WalkerStateReg/q_reg[26]_1
    SLICE_X67Y37         LUT4 (Prop_lut4_I3_O)        0.124     5.743 r  amoeba_i/dut/inst/u_top/dut/soc/core/lsu/hptw.hptw/WalkerStateReg/q[26]_i_2/O
                         net (fo=44, routed)          0.569     6.312    amoeba_i/dut/inst/u_top/dut/soc/core/lsu/hptw.hptw/WalkerStateReg/q[26]_i_2_n_0
    SLICE_X63Y35         LUT6 (Prop_lut6_I0_O)        0.124     6.436 r  amoeba_i/dut/inst/u_top/dut/soc/core/lsu/hptw.hptw/WalkerStateReg/q[2]_i_1__3/O
                         net (fo=17, routed)          0.989     7.425    amoeba_i/dut/inst/u_top/dut/soc/core/lsu/dmmu.dmmu/tlb.tlb/tlbcam/camlines[1]/keyflop/D[2]
    SLICE_X69Y34         LUT6 (Prop_lut6_I1_O)        0.124     7.549 r  amoeba_i/dut/inst/u_top/dut/soc/core/lsu/dmmu.dmmu/tlb.tlb/tlbcam/camlines[1]/keyflop/Match00_carry_i_3__5/O
                         net (fo=1, routed)           0.000     7.549    amoeba_i/dut/inst/u_top/dut/soc/core/lsu/dmmu.dmmu/tlb.tlb/tlbcam/camlines[1]/keyflop_n_4
    SLICE_X69Y34         CARRY4 (Prop_carry4_S[0]_CO[2])
                                                      0.536     8.085 r  amoeba_i/dut/inst/u_top/dut/soc/core/lsu/dmmu.dmmu/tlb.tlb/tlbcam/camlines[1]/Match00_carry/CO[2]
                         net (fo=1, routed)           1.179     9.264    amoeba_i/dut/inst/u_top/dut/soc/core/lsu/dmmu.dmmu/tlb.tlb/tlbcam/camlines[1]/pagetypeflop/ram.RAM_reg_0_i_186[0]
    SLICE_X79Y40         LUT6 (Prop_lut6_I1_O)        0.313     9.577 f  amoeba_i/dut/inst/u_top/dut/soc/core/lsu/dmmu.dmmu/tlb.tlb/tlbcam/camlines[1]/pagetypeflop/q[1]_i_3__2/O
                         net (fo=18, routed)          0.706    10.284    amoeba_i/dut/inst/u_top/dut/soc/core/lsu/dmmu.dmmu/tlb.tlb/tlbcam/camlines[1]/pagetypeflop/q_reg[1]_1
    SLICE_X78Y42         LUT4 (Prop_lut4_I0_O)        0.150    10.434 f  amoeba_i/dut/inst/u_top/dut/soc/core/lsu/dmmu.dmmu/tlb.tlb/tlbcam/camlines[1]/pagetypeflop/q[1]_i_2__2/O
                         net (fo=43, routed)          0.634    11.068    amoeba_i/dut/inst/u_top/dut/soc/core/lsu/dmmu.dmmu/tlb.tlb/tlbcam/camlines[1]/pagetypeflop/q_reg[5]
    SLICE_X79Y40         LUT4 (Prop_lut4_I0_O)        0.326    11.394 r  amoeba_i/dut/inst/u_top/dut/soc/core/lsu/dmmu.dmmu/tlb.tlb/tlbcam/camlines[1]/pagetypeflop/ram.RAM_reg_0_i_231/O
                         net (fo=1, routed)           0.636    12.030    amoeba_i/dut/inst/u_top/dut/soc/core/lsu/dmmu.dmmu/tlb.tlb/tlbcam/camlines[4]/pagetypeflop/ram.RAM_reg_0_i_142_0
    SLICE_X79Y41         LUT5 (Prop_lut5_I4_O)        0.124    12.154 r  amoeba_i/dut/inst/u_top/dut/soc/core/lsu/dmmu.dmmu/tlb.tlb/tlbcam/camlines[4]/pagetypeflop/ram.RAM_reg_0_i_215/O
                         net (fo=1, routed)           0.514    12.668    amoeba_i/dut/inst/u_top/dut/soc/core/lsu/dmmu.dmmu/tlb.tlb/tlbcam/camlines[5]/pagetypeflop/q[63]_i_38_1
    SLICE_X78Y40         LUT6 (Prop_lut6_I5_O)        0.124    12.792 r  amoeba_i/dut/inst/u_top/dut/soc/core/lsu/dmmu.dmmu/tlb.tlb/tlbcam/camlines[5]/pagetypeflop/ram.RAM_reg_0_i_142/O
                         net (fo=2, routed)           0.575    13.367    amoeba_i/dut/inst/u_top/dut/soc/core/lsu/dmmu.dmmu/tlb.tlb/tlbcam/camlines[6]/pagetypeflop/ram.RAM_reg_0_7
    SLICE_X72Y40         LUT4 (Prop_lut4_I1_O)        0.124    13.491 f  amoeba_i/dut/inst/u_top/dut/soc/core/lsu/dmmu.dmmu/tlb.tlb/tlbcam/camlines[6]/pagetypeflop/ram.RAM_reg_0_i_57__5/O
                         net (fo=11, routed)          0.785    14.276    amoeba_i/dut/inst/u_top/dut/soc/core/lsu/dmmu.dmmu/tlb.tlb/tlbcam/camlines[6]/pagetypeflop/q_reg[1]_0
    SLICE_X68Y40         LUT4 (Prop_lut4_I0_O)        0.124    14.400 r  amoeba_i/dut/inst/u_top/dut/soc/core/lsu/dmmu.dmmu/tlb.tlb/tlbcam/camlines[6]/pagetypeflop/ram.RAM_reg_0_i_20__3/O
                         net (fo=12, routed)          1.010    15.410    amoeba_i/dut/inst/u_top/dut/soc/core/lsu/dmmu.dmmu/tlb.tlb/tlbcam/camlines[6]/pagetypeflop/q_reg[13]
    SLICE_X56Y44         LUT6 (Prop_lut6_I0_O)        0.124    15.534 r  amoeba_i/dut/inst/u_top/dut/soc/core/lsu/dmmu.dmmu/tlb.tlb/tlbcam/camlines[6]/pagetypeflop/i__i_40/O
                         net (fo=1, routed)           0.000    15.534    amoeba_i/dut/inst/u_top/dut/soc/core/lsu/bus.dcache.dcache/CacheWays[3]/S[1]
    SLICE_X56Y44         CARRY4 (Prop_carry4_S[1]_CO[3])
                                                      0.550    16.084 r  amoeba_i/dut/inst/u_top/dut/soc/core/lsu/bus.dcache.dcache/CacheWays[3]/i__i_32/CO[3]
                         net (fo=1, routed)           0.000    16.084    amoeba_i/dut/inst/u_top/dut/soc/core/lsu/bus.dcache.dcache/CacheWays[3]/i__i_32_n_0
    SLICE_X56Y45         CARRY4 (Prop_carry4_CI_CO[3])
                                                      0.114    16.198 r  amoeba_i/dut/inst/u_top/dut/soc/core/lsu/bus.dcache.dcache/CacheWays[3]/i__i_19/CO[3]
                         net (fo=1, routed)           0.000    16.198    amoeba_i/dut/inst/u_top/dut/soc/core/lsu/bus.dcache.dcache/CacheWays[3]/i__i_19_n_0
    SLICE_X56Y46         CARRY4 (Prop_carry4_CI_CO[3])
                                                      0.114    16.312 r  amoeba_i/dut/inst/u_top/dut/soc/core/lsu/bus.dcache.dcache/CacheWays[3]/i__i_10/CO[3]
                         net (fo=1, routed)           0.000    16.312    amoeba_i/dut/inst/u_top/dut/soc/core/lsu/bus.dcache.dcache/CacheWays[3]/i__i_10_n_0
    SLICE_X56Y47         CARRY4 (Prop_carry4_CI_CO[2])
                                                      0.228    16.540 f  amoeba_i/dut/inst/u_top/dut/soc/core/lsu/bus.dcache.dcache/CacheWays[3]/i__i_6/CO[2]
                         net (fo=8, routed)           1.298    17.838    amoeba_i/dut/inst/u_top/dut/soc/core/lsu/bus.dcache.dcache/CacheWays[3]/CacheTagMem/CO[0]
    SLICE_X68Y28         LUT2 (Prop_lut2_I1_O)        0.309    18.147 f  amoeba_i/dut/inst/u_top/dut/soc/core/lsu/bus.dcache.dcache/CacheWays[3]/CacheTagMem/ram.RAM_reg_0_i_115/O
                         net (fo=5, routed)           0.808    18.955    amoeba_i/dut/inst/u_top/dut/soc/core/lsu/bus.dcache.dcache/CacheWays[2]/CacheTagMem/HitWay[2]
    SLICE_X68Y28         LUT6 (Prop_lut6_I1_O)        0.327    19.282 f  amoeba_i/dut/inst/u_top/dut/soc/core/lsu/bus.dcache.dcache/CacheWays[2]/CacheTagMem/ram.RAM_reg_0_i_45/O
                         net (fo=6, routed)           0.470    19.752    amoeba_i/dut/inst/u_top/dut/soc/core/lsu/bus.dcache.dcache/cachefsm/ram.RAM_reg_1
    SLICE_X68Y27         LUT2 (Prop_lut2_I1_O)        0.124    19.876 r  amoeba_i/dut/inst/u_top/dut/soc/core/lsu/bus.dcache.dcache/cachefsm/FSM_onehot_CurrState[5]_i_2/O
                         net (fo=5, routed)           0.302    20.178    amoeba_i/dut/inst/u_top/dut/soc/core/lsu/bus.dcache.dcache/cachefsm/FSM_onehot_CurrState[5]_i_2_n_0
    SLICE_X68Y27         LUT4 (Prop_lut4_I1_O)        0.124    20.302 r  amoeba_i/dut/inst/u_top/dut/soc/core/lsu/bus.dcache.dcache/cachefsm/m_ahb_haddr[55]_INST_0_i_10/O
                         net (fo=45, routed)          0.327    20.629    amoeba_i/dut/inst/u_top/dut/soc/core/lsu/bus.dcache.dcache/cachefsm/SelWriteback
    SLICE_X66Y27         LUT2 (Prop_lut2_I0_O)        0.124    20.753 r  amoeba_i/dut/inst/u_top/dut/soc/core/lsu/bus.dcache.dcache/cachefsm/i__i_8__1/O
                         net (fo=28, routed)          1.813    22.566    amoeba_i/dut/inst/u_top/dut/soc/core/lsu/bus.dcache.dcache/CacheWays[3]/CacheTagMem/SelVictim
    SLICE_X24Y24         LUT6 (Prop_lut6_I5_O)        0.124    22.690 f  amoeba_i/dut/inst/u_top/dut/soc/core/lsu/bus.dcache.dcache/CacheWays[3]/CacheTagMem/q[39]_i_57/O
                         net (fo=128, routed)         1.656    24.345    amoeba_i/dut/inst/u_top/dut/soc/core/lsu/bus.dcache.dcache/CacheWays[3]/word[2].wordram.CacheDataMem/q[39]_i_17
    SLICE_X43Y5          LUT2 (Prop_lut2_I1_O)        0.118    24.463 r  amoeba_i/dut/inst/u_top/dut/soc/core/lsu/bus.dcache.dcache/CacheWays[3]/word[2].wordram.CacheDataMem/q[7]_i_37/O
                         net (fo=1, routed)           1.323    25.786    amoeba_i/dut/inst/u_top/dut/soc/core/lsu/bus.dcache.dcache/EarlyReturnMux/ReadDataLineWay[3]_64[327]
    SLICE_X30Y5          LUT6 (Prop_lut6_I1_O)        0.326    26.112 r  amoeba_i/dut/inst/u_top/dut/soc/core/lsu/bus.dcache.dcache/EarlyReturnMux/q[7]_i_11/O
                         net (fo=1, routed)           1.118    27.230    amoeba_i/dut/inst/u_top/dut/soc/core/lsu/bus.dcache.dcache/subcachelineread/ReadDataLine[327]
    SLICE_X27Y17         LUT6 (Prop_lut6_I3_O)        0.124    27.354 r  amoeba_i/dut/inst/u_top/dut/soc/core/lsu/bus.dcache.dcache/subcachelineread/q[7]_i_4/O
                         net (fo=1, routed)           0.000    27.354    amoeba_i/dut/inst/u_top/dut/soc/core/lsu/bus.dcache.dcache/subcachelineread/q[7]_i_4_n_0
    SLICE_X27Y17         MUXF7 (Prop_muxf7_I1_O)      0.217    27.571 r  amoeba_i/dut/inst/u_top/dut/soc/core/lsu/bus.dcache.dcache/subcachelineread/q_reg[7]_i_2/O
                         net (fo=3, routed)           0.523    28.094    amoeba_i/dut/inst/u_top/dut/soc/core/lsu/bus.dcache.dcache/CacheWays[3]/word[1].wordram.CacheDataMem/DCacheReadDataWordM[7]
    SLICE_X30Y17         LUT6 (Prop_lut6_I3_O)        0.299    28.393 r  amoeba_i/dut/inst/u_top/dut/soc/core/lsu/bus.dcache.dcache/CacheWays[3]/word[1].wordram.CacheDataMem/y0_carry__0_i_12/O
                         net (fo=3, routed)           0.757    29.151    amoeba_i/dut/inst/u_top/dut/soc/core/lsu/hptw.hptw/WalkerStateReg/q_reg[14][0]
    SLICE_X36Y19         LUT6 (Prop_lut6_I5_O)        0.124    29.275 r  amoeba_i/dut/inst/u_top/dut/soc/core/lsu/hptw.hptw/WalkerStateReg/y0_carry__0_i_9/O
                         net (fo=3, routed)           0.462    29.737    amoeba_i/dut/inst/u_top/dut/soc/core/lsu/hptw.hptw/WalkerStateReg/subwordread/data5[7]
    SLICE_X39Y21         LUT6 (Prop_lut6_I5_O)        0.124    29.861 r  amoeba_i/dut/inst/u_top/dut/soc/core/lsu/hptw.hptw/WalkerStateReg/y0_carry__7_i_9/O
                         net (fo=127, routed)         1.041    30.901    amoeba_i/dut/inst/u_top/dut/soc/core/lsu/hptw.hptw/WalkerStateReg/y0_carry__7_i_9_n_0
    SLICE_X44Y19         LUT6 (Prop_lut6_I5_O)        0.124    31.025 r  amoeba_i/dut/inst/u_top/dut/soc/core/lsu/hptw.hptw/WalkerStateReg/y0_carry__7_i_2/O
                         net (fo=7, routed)           0.984    32.009    amoeba_i/dut/inst/u_top/dut/soc/core/lsu/hptw.hptw/WalkerStateReg/q_reg[15]_rep
    SLICE_X37Y22         LUT6 (Prop_lut6_I0_O)        0.124    32.133 r  amoeba_i/dut/inst/u_top/dut/soc/core/lsu/hptw.hptw/WalkerStateReg/eq_carry_i_4/O
                         net (fo=1, routed)           0.000    32.133    amoeba_i/dut/inst/u_top/dut/soc/core/lsu/atomic.atomic/amoalu/cmpupper/S[0]
    SLICE_X37Y22         CARRY4 (Prop_carry4_S[0]_CO[3])
                                                      0.532    32.665 r  amoeba_i/dut/inst/u_top/dut/soc/core/lsu/atomic.atomic/amoalu/cmpupper/eq_carry/CO[3]
                         net (fo=1, routed)           0.000    32.665    amoeba_i/dut/inst/u_top/dut/soc/core/lsu/atomic.atomic/amoalu/cmpupper/eq_carry_n_0
    SLICE_X37Y23         CARRY4 (Prop_carry4_CI_CO[3])
                                                      0.114    32.779 r  amoeba_i/dut/inst/u_top/dut/soc/core/lsu/atomic.atomic/amoalu/cmpupper/eq_carry__0/CO[3]
                         net (fo=1, routed)           0.000    32.779    amoeba_i/dut/inst/u_top/dut/soc/core/lsu/atomic.atomic/amoalu/cmpupper/eq_carry__0_n_0
    SLICE_X37Y24         CARRY4 (Prop_carry4_CI_CO[2])
                                                      0.228    33.007 r  amoeba_i/dut/inst/u_top/dut/soc/core/lsu/atomic.atomic/amoalu/cmpupper/eq_carry__1/CO[2]
                         net (fo=2, routed)           0.931    33.938    amoeba_i/dut/inst/u_top/dut/soc/core/lsu/hptw.hptw/WalkerStateReg/q[32]_i_4_0[0]
    SLICE_X40Y22         LUT6 (Prop_lut6_I2_O)        0.313    34.251 r  amoeba_i/dut/inst/u_top/dut/soc/core/lsu/hptw.hptw/WalkerStateReg/q[62]_i_11/O
                         net (fo=79, routed)          1.175    35.426    amoeba_i/dut/inst/u_top/dut/soc/core/lsu/hptw.hptw/WalkerStateReg/q[62]_i_11_n_0
    SLICE_X39Y17         LUT6 (Prop_lut6_I1_O)        0.124    35.550 r  amoeba_i/dut/inst/u_top/dut/soc/core/lsu/hptw.hptw/WalkerStateReg/q[39]_i_6/O
                         net (fo=14, routed)          0.775    36.325    amoeba_i/dut/inst/u_top/dut/soc/core/lsu/subwordwrite/q_reg[31]_0[7]
    SLICE_X36Y23         LUT6 (Prop_lut6_I0_O)        0.124    36.449 r  amoeba_i/dut/inst/u_top/dut/soc/core/lsu/subwordwrite/q[63]_i_4/O
                         net (fo=6, routed)           0.802    37.251    amoeba_i/dut/inst/u_top/dut/soc/core/lsu/subwordwrite/q_reg[13]_7
    SLICE_X36Y26         LUT6 (Prop_lut6_I0_O)        0.124    37.375 r  amoeba_i/dut/inst/u_top/dut/soc/core/lsu/subwordwrite/ram.RAM_reg_0_i_131/O
                         net (fo=8, routed)           1.144    38.518    amoeba_i/dut/inst/u_top/dut/soc/core/lsu/bus.dcache.ahbcacheinterface/AHBBuscachefsm/BeatCountReg/LSUWriteDataM[55]
    SLICE_X20Y22         LUT6 (Prop_lut6_I5_O)        0.124    38.642 r  amoeba_i/dut/inst/u_top/dut/soc/core/lsu/bus.dcache.ahbcacheinterface/AHBBuscachefsm/BeatCountReg/ram.RAM_reg_1_i_77__0/O
                         net (fo=4, routed)           1.360    40.002    amoeba_i/dut/inst/u_top/dut/soc/core/lsu/bus.dcache.dcache/CacheWays[3]/word[1].wordram.CacheDataMem/LineWriteData[127]
    SLICE_X9Y24          LUT4 (Prop_lut4_I3_O)        0.153    40.155 r  amoeba_i/dut/inst/u_top/dut/soc/core/lsu/bus.dcache.dcache/CacheWays[3]/word[1].wordram.CacheDataMem/ram.RAM_reg_1_i_33/O
                         net (fo=1, routed)           0.856    41.012    amoeba_i/dut/inst/u_top/dut/soc/core/lsu/bus.dcache.dcache/CacheWays[3]/word[1].wordram.CacheDataMem/p_1_in[127]
    RAMB36_X0Y5          RAMB36E1                                     r  amoeba_i/dut/inst/u_top/dut/soc/core/lsu/bus.dcache.dcache/CacheWays[3]/word[1].wordram.CacheDataMem/ram.RAM_reg_1/DIBDI[31]
  -------------------------------------------------------------------    -------------------

                         (clock clk_fpga_0 rise edge)
                                                     40.000    40.000 r  
    PS7_X0Y0             PS7                          0.000    40.000 r  amoeba_i/ps7/inst/PS7_i/FCLKCLK[0]
                         net (fo=1, routed)           1.088    41.088    amoeba_i/ps7/inst/FCLK_CLK_unbuffered[0]
    BUFGCTRL_X0Y16       BUFG (Prop_bufg_I_O)         0.091    41.179 r  amoeba_i/ps7/inst/buffer_fclk_clk_0.FCLK_CLK_0_BUFG/O
                         net (fo=13365, routed)       1.608    42.787    amoeba_i/dut/inst/u_top/dut/soc/core/lsu/bus.dcache.dcache/CacheWays[3]/word[1].wordram.CacheDataMem/aclk
    RAMB36_X0Y5          RAMB36E1                                     r  amoeba_i/dut/inst/u_top/dut/soc/core/lsu/bus.dcache.dcache/CacheWays[3]/word[1].wordram.CacheDataMem/ram.RAM_reg_1/CLKBWRCLK
                         clock pessimism              0.129    42.916    
                         clock uncertainty           -0.601    42.315    
    RAMB36_X0Y5          RAMB36E1 (Setup_ramb36e1_CLKBWRCLK_DIBDI[31])
                                                     -0.444    41.871    amoeba_i/dut/inst/u_top/dut/soc/core/lsu/bus.dcache.dcache/CacheWays[3]/word[1].wordram.CacheDataMem/ram.RAM_reg_1
  -------------------------------------------------------------------
                         required time                         41.871    
                         arrival time                         -41.012    
  -------------------------------------------------------------------
                         slack                                  0.859    





Min Delay Paths
--------------------------------------------------------------------------------------
Slack (MET) :             0.041ns  (arrival time - required time)
  Source:                 amoeba_i/ps7_axi_periph/xbar/inst/gen_sasd.crossbar_sasd_0/reg_slice_r/m_payload_i_reg[2]/C
                            (rising edge-triggered cell FDRE clocked by clk_fpga_0  {rise@0.000ns fall@20.000ns period=40.000ns})
  Destination:            amoeba_i/ps7_axi_periph/s00_couplers/auto_pc/inst/gen_axilite.gen_b2s_conv.axilite_b2s/RD.r_channel_0/rd_data_fifo_0/memory_reg[31][33]_srl32/D
                            (rising edge-triggered cell SRLC32E clocked by clk_fpga_0  {rise@0.000ns fall@20.000ns period=40.000ns})
  Path Group:             clk_fpga_0
  Path Type:              Hold (Min at Fast Process Corner)
  Requirement:            0.000ns  (clk_fpga_0 rise@0.000ns - clk_fpga_0 rise@0.000ns)
  Data Path Delay:        0.256ns  (logic 0.141ns (55.071%)  route 0.115ns (44.929%))
  Logic Levels:           0  
  Clock Path Skew:        0.032ns (DCD - SCD - CPR)
    Destination Clock Delay (DCD):    1.204ns
    Source Clock Delay      (SCD):    0.908ns
    Clock Pessimism Removal (CPR):    0.264ns

    Location             Delay type                Incr(ns)  Path(ns)    Netlist Resource(s)
  -------------------------------------------------------------------    -------------------
                         (clock clk_fpga_0 rise edge)
                                                      0.000     0.000 r  
    PS7_X0Y0             PS7                          0.000     0.000 r  amoeba_i/ps7/inst/PS7_i/FCLKCLK[0]
                         net (fo=1, routed)           0.310     0.310    amoeba_i/ps7/inst/FCLK_CLK_unbuffered[0]
    BUFGCTRL_X0Y16       BUFG (Prop_bufg_I_O)         0.026     0.336 r  amoeba_i/ps7/inst/buffer_fclk_clk_0.FCLK_CLK_0_BUFG/O
                         net (fo=13365, routed)       0.572     0.908    amoeba_i/ps7_axi_periph/xbar/inst/gen_sasd.crossbar_sasd_0/reg_slice_r/aclk
    SLICE_X29Y86         FDRE                                         r  amoeba_i/ps7_axi_periph/xbar/inst/gen_sasd.crossbar_sasd_0/reg_slice_r/m_payload_i_reg[2]/C
  -------------------------------------------------------------------    -------------------
    SLICE_X29Y86         FDRE (Prop_fdre_C_Q)         0.141     1.049 r  amoeba_i/ps7_axi_periph/xbar/inst/gen_sasd.crossbar_sasd_0/reg_slice_r/m_payload_i_reg[2]/Q
                         net (fo=1, routed)           0.115     1.164    amoeba_i/ps7_axi_periph/s00_couplers/auto_pc/inst/gen_axilite.gen_b2s_conv.axilite_b2s/RD.r_channel_0/rd_data_fifo_0/in[33]
    SLICE_X26Y86         SRLC32E                                      r  amoeba_i/ps7_axi_periph/s00_couplers/auto_pc/inst/gen_axilite.gen_b2s_conv.axilite_b2s/RD.r_channel_0/rd_data_fifo_0/memory_reg[31][33]_srl32/D
  -------------------------------------------------------------------    -------------------

                         (clock clk_fpga_0 rise edge)
                                                      0.000     0.000 r  
    PS7_X0Y0             PS7                          0.000     0.000 r  amoeba_i/ps7/inst/PS7_i/FCLKCLK[0]
                         net (fo=1, routed)           0.337     0.337    amoeba_i/ps7/inst/FCLK_CLK_unbuffered[0]
    BUFGCTRL_X0Y16       BUFG (Prop_bufg_I_O)         0.029     0.366 r  amoeba_i/ps7/inst/buffer_fclk_clk_0.FCLK_CLK_0_BUFG/O
                         net (fo=13365, routed)       0.838     1.204    amoeba_i/ps7_axi_periph/s00_couplers/auto_pc/inst/gen_axilite.gen_b2s_conv.axilite_b2s/RD.r_channel_0/rd_data_fifo_0/aclk
    SLICE_X26Y86         SRLC32E                                      r  amoeba_i/ps7_axi_periph/s00_couplers/auto_pc/inst/gen_axilite.gen_b2s_conv.axilite_b2s/RD.r_channel_0/rd_data_fifo_0/memory_reg[31][33]_srl32/CLK
                         clock pessimism             -0.264     0.940    
    SLICE_X26Y86         SRLC32E (Hold_srlc32e_CLK_D)
                                                      0.183     1.123    amoeba_i/ps7_axi_periph/s00_couplers/auto_pc/inst/gen_axilite.gen_b2s_conv.axilite_b2s/RD.r_channel_0/rd_data_fifo_0/memory_reg[31][33]_srl32
  -------------------------------------------------------------------
                         required time                         -1.123    
                         arrival time                           1.164    
  -------------------------------------------------------------------
                         slack                                  0.041    





Pulse Width Checks
--------------------------------------------------------------------------------------
Clock Name:         clk_fpga_0
Waveform(ns):       { 0.000 20.000 }
Period(ns):         40.000
Sources:            { amoeba_i/ps7/inst/PS7_i/FCLKCLK[0] }

Check Type        Corner  Lib Pin             Reference Pin  Required(ns)  Actual(ns)  Slack(ns)  Location      Pin
Min Period        n/a     RAMB36E1/CLKARDCLK  n/a            2.944         40.000      37.056     RAMB36_X1Y8   amoeba_i/dut/inst/u_top/dut/soc/core/lsu/bus.dcache.dcache/CacheWays[0]/word[0].wordram.CacheDataMem/ram.RAM_reg_0/CLKARDCLK
Low Pulse Width   Slow    RAMD32/CLK          n/a            1.250         20.000      18.750     SLICE_X34Y56  amoeba_i/axi_mem_intercon/s00_couplers/auto_pc/inst/gen_axi4_axi3.axi3_conv_inst/USE_WRITE.write_addr_inst/USE_BURSTS.cmd_queue/inst/fifo_gen_inst/inst_fifo_gen/gconvfifo.rf/grf.rf/gntv_or_sync_fifo.mem/gdm.dm_gen.dm/RAM_reg_0_31_0_4/RAMA/CLK
High Pulse Width  Slow    RAMD32/CLK          n/a            1.250         20.000      18.750     SLICE_X34Y56  amoeba_i/axi_mem_intercon/s00_couplers/auto_pc/inst/gen_axi4_axi3.axi3_conv_inst/USE_WRITE.write_addr_inst/USE_BURSTS.cmd_queue/inst/fifo_gen_inst/inst_fifo_gen/gconvfifo.rf/grf.rf/gntv_or_sync_fifo.mem/gdm.dm_gen.dm/RAM_reg_0_31_0_4/RAMA/CLK



---------------------------------------------------------------------------------------------------
Path Group:  **async_default**
From Clock:  clk_fpga_0
  To Clock:  clk_fpga_0

Setup :            0  Failing Endpoints,  Worst Slack       30.293ns,  Total Violation        0.000ns
Hold  :            0  Failing Endpoints,  Worst Slack        0.459ns,  Total Violation        0.000ns
---------------------------------------------------------------------------------------------------


Max Delay Paths
--------------------------------------------------------------------------------------
Slack (MET) :             30.293ns  (required time - arrival time)
  Source:                 amoeba_i/dut/inst/u_top/dut/soc/resetsync/q_reg/C
                            (rising edge-triggered cell FDRE clocked by clk_fpga_0  {rise@0.000ns fall@20.000ns period=40.000ns})
  Destination:            amoeba_i/dut/inst/u_top/g_mem.mem/adapter/mem_wdata_reg[1]/CLR
                            (recovery check against rising-edge clock clk_fpga_0  {rise@0.000ns fall@20.000ns period=40.000ns})
  Path Group:             **async_default**
  Path Type:              Recovery (Max at Slow Process Corner)
  Requirement:            40.000ns  (clk_fpga_0 rise@40.000ns - clk_fpga_0 rise@0.000ns)
  Data Path Delay:        8.695ns  (logic 0.419ns (4.819%)  route 8.276ns (95.181%))
  Logic Levels:           0  
  Clock Path Skew:        0.080ns (DCD - SCD + CPR)
    Destination Clock Delay (DCD):    2.773ns = ( 42.773 - 40.000 ) 
    Source Clock Delay      (SCD):    2.922ns
    Clock Pessimism Removal (CPR):    0.229ns
  Clock Uncertainty:      0.601ns  ((TSJ^2 + TIJ^2)^1/2 + DJ) / 2 + PE
    Total System Jitter     (TSJ):    0.071ns
    Total Input Jitter      (TIJ):    1.200ns
    Discrete Jitter          (DJ):    0.000ns
    Phase Error              (PE):    0.000ns

    Location             Delay type                Incr(ns)  Path(ns)    Netlist Resource(s)
  -------------------------------------------------------------------    -------------------
                         (clock clk_fpga_0 rise edge)
                                                      0.000     0.000 r  
    PS7_X0Y0             PS7                          0.000     0.000 r  amoeba_i/ps7/inst/PS7_i/FCLKCLK[0]
                         net (fo=1, routed)           1.193     1.193    amoeba_i/ps7/inst/FCLK_CLK_unbuffered[0]
    BUFGCTRL_X0Y16       BUFG (Prop_bufg_I_O)         0.101     1.294 r  amoeba_i/ps7/inst/buffer_fclk_clk_0.FCLK_CLK_0_BUFG/O
                         net (fo=13365, routed)       1.628     2.922    amoeba_i/dut/inst/u_top/dut/soc/resetsync/aclk
    SLICE_X51Y68         FDRE                                         r  amoeba_i/dut/inst/u_top/dut/soc/resetsync/q_reg/C
  -------------------------------------------------------------------    -------------------
    SLICE_X51Y68         FDRE (Prop_fdre_C_Q)         0.419     3.341 f  amoeba_i/dut/inst/u_top/dut/soc/resetsync/q_reg/Q
                         net (fo=6228, routed)        8.276    11.617    amoeba_i/dut/inst/u_top/g_mem.mem/adapter/reset
    SLICE_X90Y80         FDCE                                         f  amoeba_i/dut/inst/u_top/g_mem.mem/adapter/mem_wdata_reg[1]/CLR
  -------------------------------------------------------------------    -------------------

                         (clock clk_fpga_0 rise edge)
                                                     40.000    40.000 r  
    PS7_X0Y0             PS7                          0.000    40.000 r  amoeba_i/ps7/inst/PS7_i/FCLKCLK[0]
                         net (fo=1, routed)           1.088    41.088    amoeba_i/ps7/inst/FCLK_CLK_unbuffered[0]
    BUFGCTRL_X0Y16       BUFG (Prop_bufg_I_O)         0.091    41.179 r  amoeba_i/ps7/inst/buffer_fclk_clk_0.FCLK_CLK_0_BUFG/O
                         net (fo=13365, routed)       1.594    42.773    amoeba_i/dut/inst/u_top/g_mem.mem/adapter/aclk
    SLICE_X90Y80         FDCE                                         r  amoeba_i/dut/inst/u_top/g_mem.mem/adapter/mem_wdata_reg[1]/C
                         clock pessimism              0.229    43.002    
                         clock uncertainty           -0.601    42.401    
    SLICE_X90Y80         FDCE (Recov_fdce_C_CLR)     -0.491    41.910    amoeba_i/dut/inst/u_top/g_mem.mem/adapter/mem_wdata_reg[1]
  -------------------------------------------------------------------
                         required time                         41.910    
                         arrival time                         -11.617    
  -------------------------------------------------------------------
                         slack                                 30.293    





Min Delay Paths
--------------------------------------------------------------------------------------
Slack (MET) :             0.459ns  (arrival time - required time)
  Source:                 amoeba_i/dut/inst/u_top/dut/soc/resetsync/q_reg/C
                            (rising edge-triggered cell FDRE clocked by clk_fpga_0  {rise@0.000ns fall@20.000ns period=40.000ns})
  Destination:            amoeba_i/dut/inst/u_top/g_mem.mem/adapter/HRDATA_reg[52]/CLR
                            (removal check against rising-edge clock clk_fpga_0  {rise@0.000ns fall@20.000ns period=40.000ns})
  Path Group:             **async_default**
  Path Type:              Removal (Min at Fast Process Corner)
  Requirement:            0.000ns  (clk_fpga_0 rise@0.000ns - clk_fpga_0 rise@0.000ns)
  Data Path Delay:        0.352ns  (logic 0.128ns (36.380%)  route 0.224ns (63.620%))
  Logic Levels:           0  
  Clock Path Skew:        0.013ns (DCD - SCD - CPR)
    Destination Clock Delay (DCD):    1.177ns
    Source Clock Delay      (SCD):    0.881ns
    Clock Pessimism Removal (CPR):    0.283ns

    Location             Delay type                Incr(ns)  Path(ns)    Netlist Resource(s)
  -------------------------------------------------------------------    -------------------
                         (clock clk_fpga_0 rise edge)
                                                      0.000     0.000 r  
    PS7_X0Y0             PS7                          0.000     0.000 r  amoeba_i/ps7/inst/PS7_i/FCLKCLK[0]
                         net (fo=1, routed)           0.310     0.310    amoeba_i/ps7/inst/FCLK_CLK_unbuffered[0]
    BUFGCTRL_X0Y16       BUFG (Prop_bufg_I_O)         0.026     0.336 r  amoeba_i/ps7/inst/buffer_fclk_clk_0.FCLK_CLK_0_BUFG/O
                         net (fo=13365, routed)       0.545     0.881    amoeba_i/dut/inst/u_top/dut/soc/resetsync/aclk
    SLICE_X51Y68         FDRE                                         r  amoeba_i/dut/inst/u_top/dut/soc/resetsync/q_reg/C
  -------------------------------------------------------------------    -------------------
    SLICE_X51Y68         FDRE (Prop_fdre_C_Q)         0.128     1.009 f  amoeba_i/dut/inst/u_top/dut/soc/resetsync/q_reg/Q
                         net (fo=6228, routed)        0.224     1.232    amoeba_i/dut/inst/u_top/g_mem.mem/adapter/reset
    SLICE_X50Y68         FDCE                                         f  amoeba_i/dut/inst/u_top/g_mem.mem/adapter/HRDATA_reg[52]/CLR
  -------------------------------------------------------------------    -------------------

                         (clock clk_fpga_0 rise edge)
                                                      0.000     0.000 r  
    PS7_X0Y0             PS7                          0.000     0.000 r  amoeba_i/ps7/inst/PS7_i/FCLKCLK[0]
                         net (fo=1, routed)           0.337     0.337    amoeba_i/ps7/inst/FCLK_CLK_unbuffered[0]
    BUFGCTRL_X0Y16       BUFG (Prop_bufg_I_O)         0.029     0.366 r  amoeba_i/ps7/inst/buffer_fclk_clk_0.FCLK_CLK_0_BUFG/O
                         net (fo=13365, routed)       0.811     1.177    amoeba_i/dut/inst/u_top/g_mem.mem/adapter/aclk
    SLICE_X50Y68         FDCE                                         r  amoeba_i/dut/inst/u_top/g_mem.mem/adapter/HRDATA_reg[52]/C
                         clock pessimism             -0.283     0.894    
    SLICE_X50Y68         FDCE (Remov_fdce_C_CLR)     -0.120     0.774    amoeba_i/dut/inst/u_top/g_mem.mem/adapter/HRDATA_reg[52]
  -------------------------------------------------------------------
                         required time                         -0.774    
                         arrival time                           1.232    
  -------------------------------------------------------------------
                         slack                                  0.459    





